[     773ms] [INFO] 
IFRAME-RESIZER

Iframe-Resizer 5 is now available via the following two packages:

 * @iframe-resizer/parent
 * @iframe-resizer/child

Additionally their are also new versions of iframe-resizer for React, Vue, and jQuery.

Version 5 of iframe-resizer has been extensively rewritten to use modern browser APIs, which has enabled significantly better performance and greater accuracy in the detection of content resizing events.

Please see https://iframe-resizer.com/upgrade for more details.
 @ https://plugin-testing.ddev.site:33019/cpresources/204b25cc/iframeResizer.js?v=1791066025:0
[   48329ms] [INFO] 
IFRAME-RESIZER

Iframe-Resizer 5 is now available via the following two packages:

 * @iframe-resizer/parent
 * @iframe-resizer/child

Additionally their are also new versions of iframe-resizer for React, Vue, and jQuery.

Version 5 of iframe-resizer has been extensively rewritten to use modern browser APIs, which has enabled significantly better performance and greater accuracy in the detection of content resizing events.

Please see https://iframe-resizer.com/upgrade for more details.
 @ https://plugin-testing.ddev.site:33019/cpresources/204b25cc/iframeResizer.js?v=1791066025:0
[   51153ms] [INFO] 
IFRAME-RESIZER

Iframe-Resizer 5 is now available via the following two packages:

 * @iframe-resizer/parent
 * @iframe-resizer/child

Additionally their are also new versions of iframe-resizer for React, Vue, and jQuery.

Version 5 of iframe-resizer has been extensively rewritten to use modern browser APIs, which has enabled significantly better performance and greater accuracy in the detection of content resizing events.

Please see https://iframe-resizer.com/upgrade for more details.
 @ https://plugin-testing.ddev.site:33019/cpresources/204b25cc/iframeResizer.js?v=1791066025:0
[   53789ms] [INFO] 
IFRAME-RESIZER

Iframe-Resizer 5 is now available via the following two packages:

 * @iframe-resizer/parent
 * @iframe-resizer/child

Additionally their are also new versions of iframe-resizer for React, Vue, and jQuery.

Version 5 of iframe-resizer has been extensively rewritten to use modern browser APIs, which has enabled significantly better performance and greater accuracy in the detection of content resizing events.

Please see https://iframe-resizer.com/upgrade for more details.
 @ https://plugin-testing.ddev.site:33019/cpresources/204b25cc/iframeResizer.js?v=1791066025:0
[   67303ms] [INFO] 
IFRAME-RESIZER

Iframe-Resizer 5 is now available via the following two packages:

 * @iframe-resizer/parent
 * @iframe-resizer/child

Additionally their are also new versions of iframe-resizer for React, Vue, and jQuery.

Version 5 of iframe-resizer has been extensively rewritten to use modern browser APIs, which has enabled significantly better performance and greater accuracy in the detection of content resizing events.

Please see https://iframe-resizer.com/upgrade for more details.
 @ https://plugin-testing.ddev.site:33019/cpresources/204b25cc/iframeResizer.js?v=1791066025:0
[   69403ms] [INFO] 
IFRAME-RESIZER

Iframe-Resizer 5 is now available via the following two packages:

 * @iframe-resizer/parent
 * @iframe-resizer/child

Additionally their are also new versions of iframe-resizer for React, Vue, and jQuery.

Version 5 of iframe-resizer has been extensively rewritten to use modern browser APIs, which has enabled significantly better performance and greater accuracy in the detection of content resizing events.

Please see https://iframe-resizer.com/upgrade for more details.
 @ https://plugin-testing.ddev.site:33019/cpresources/204b25cc/iframeResizer.js?v=1791066025:0
[   79240ms] [INFO] 
IFRAME-RESIZER

Iframe-Resizer 5 is now available via the following two packages:

 * @iframe-resizer/parent
 * @iframe-resizer/child

Additionally their are also new versions of iframe-resizer for React, Vue, and jQuery.

Version 5 of iframe-resizer has been extensively rewritten to use modern browser APIs, which has enabled significantly better performance and greater accuracy in the detection of content resizing events.

Please see https://iframe-resizer.com/upgrade for more details.
 @ https://plugin-testing.ddev.site:33019/cpresources/204b25cc/iframeResizer.js?v=1791066025:0
[   81564ms] [INFO] 
IFRAME-RESIZER

Iframe-Resizer 5 is now available via the following two packages:

 * @iframe-resizer/parent
 * @iframe-resizer/child

Additionally their are also new versions of iframe-resizer for React, Vue, and jQuery.

Version 5 of iframe-resizer has been extensively rewritten to use modern browser APIs, which has enabled significantly better performance and greater accuracy in the detection of content resizing events.

Please see https://iframe-resizer.com/upgrade for more details.
 @ https://plugin-testing.ddev.site:33019/cpresources/204b25cc/iframeResizer.js?v=1791066025:0
